============================= test session starts =============================
platform win32 -- Python 3.12.1, pytest-8.3.5, pluggy-1.6.0 -- D:\Claude\Exptrack\venv\Scripts\python.exe
cachedir: .pytest_cache
rootdir: D:\Claude\Exptrack
plugins: flask-1.3.0
collecting ... collected 88 items

tests/test_06_date_filter_profile_page.py::TestProfileAuthGuard::test_unauthenticated_redirects_to_login PASSED [  1%]
tests/test_06_date_filter_profile_page.py::TestProfileAuthGuard::test_unauthenticated_with_filter_params_redirects PASSED [  2%]
tests/test_06_date_filter_profile_page.py::TestProfileDefaultFilter::test_no_params_returns_200 PASSED [  3%]
tests/test_06_date_filter_profile_page.py::TestProfileDefaultFilter::test_no_params_highlights_this_month_preset PASSED [  4%]
tests/test_06_date_filter_profile_page.py::TestProfileDefaultFilter::test_no_params_filter_bar_is_rendered PASSED [  5%]
tests/test_06_date_filter_profile_page.py::TestProfileDefaultFilter::test_no_params_shows_seed_expenses_in_may PASSED [  6%]
tests/test_06_date_filter_profile_page.py::TestProfileDefaultFilter::test_no_params_stat_card_has_transaction_count PASSED [  7%]
tests/test_06_date_filter_profile_page.py::TestProfileDefaultFilter::test_no_params_from_input_is_first_of_month PASSED [  9%]
tests/test_06_date_filter_profile_page.py::TestProfileDefaultFilter::test_no_params_to_input_is_last_of_month PASSED [ 10%]
tests/test_06_date_filter_profile_page.py::TestProfileAllTimeFilter::test_all_time_returns_200 PASSED [ 11%]
tests/test_06_date_filter_profile_page.py::TestProfileAllTimeFilter::test_all_time_highlights_all_time_preset PASSED [ 12%]
tests/test_06_date_filter_profile_page.py::TestProfileAllTimeFilter::test_all_time_this_month_button_is_not_active PASSED [ 13%]
tests/test_06_date_filter_profile_page.py::TestProfileAllTimeFilter::test_all_time_shows_all_seed_transactions PASSED [ 14%]
tests/test_06_date_filter_profile_page.py::TestProfileAllTimeFilter::test_all_time_total_matches_seed_sum PASSED [ 15%]
tests/test_06_date_filter_profile_page.py::TestProfileAllTimeFilter::test_all_time_from_input_is_empty PASSED [ 17%]
tests/test_06_date_filter_profile_page.py::TestProfileCustomDateFilter::test_custom_range_returns_200 PASSED [ 18%]
tests/test_06_date_filter_profile_page.py::TestProfileCustomDateFilter::test_custom_range_shows_only_matching_expenses PASSED [ 19%]
tests/test_06_date_filter_profile_page.py::TestProfileCustomDateFilter::test_custom_range_excludes_out_of_range_expenses PASSED [ 20%]
tests/test_06_date_filter_profile_page.py::TestProfileCustomDateFilter::test_custom_range_shows_correct_transaction_count PASSED [ 21%]
tests/test_06_date_filter_profile_page.py::TestProfileCustomDateFilter::test_custom_range_total_spent_correct PASSED [ 22%]
tests/test_06_date_filter_profile_page.py::TestProfileCustomDateFilter::test_custom_range_highlights_custom_preset PASSED [ 23%]
tests/test_06_date_filter_profile_page.py::TestProfileCustomDateFilter::test_custom_range_inputs_are_prepopulated PASSED [ 25%]
tests/test_06_date_filter_profile_page.py::TestProfileCustomDateFilter::test_single_day_range_returns_200 PASSED [ 26%]
tests/test_06_date_filter_profile_page.py::TestProfileCustomDateFilter::test_single_day_range_shows_only_that_day PASSED [ 27%]
tests/test_06_date_filter_profile_page.py::TestProfileEmptyDateRange::test_no_match_returns_200 PASSED [ 28%]
tests/test_06_date_filter_profile_page.py::TestProfileEmptyDateRange::test_no_match_shows_zero_total PASSED [ 29%]
tests/test_06_date_filter_profile_page.py::TestProfileEmptyDateRange::test_no_match_shows_zero_transaction_count PASSED [ 30%]
tests/test_06_date_filter_profile_page.py::TestProfileEmptyDateRange::test_no_match_shows_em_dash_top_category PASSED [ 31%]
tests/test_06_date_filter_profile_page.py::TestProfileEmptyDateRange::test_no_match_has_empty_category_breakdown PASSED [ 32%]
tests/test_06_date_filter_profile_page.py::TestProfileEmptyDateRange::test_future_range_returns_200 PASSED [ 34%]
tests/test_06_date_filter_profile_page.py::TestProfileInvalidDates::test_both_invalid_dates_returns_200 PASSED [ 35%]
tests/test_06_date_filter_profile_page.py::TestProfileInvalidDates::test_both_invalid_falls_back_to_this_month PASSED [ 36%]
tests/test_06_date_filter_profile_page.py::TestProfileInvalidDates::test_invalid_from_only_returns_200 PASSED [ 37%]
tests/test_06_date_filter_profile_page.py::TestProfileInvalidDates::test_invalid_to_only_returns_200 PASSED [ 38%]
tests/test_06_date_filter_profile_page.py::TestProfileInvalidDates::test_invalid_dates_show_page_content PASSED [ 39%]
tests/test_06_date_filter_profile_page.py::TestProfileInvalidDates::test_wrong_format_date_returns_200 PASSED [ 40%]
tests/test_06_date_filter_profile_page.py::TestProfileInvalidDates::test_empty_from_only_returns_200 PASSED [ 42%]
tests/test_06_date_filter_profile_page.py::TestProfileFilterBarHTML::test_filter_form_uses_get_method PASSED [ 43%]
tests/test_06_date_filter_profile_page.py::TestProfileFilterBarHTML::test_filter_form_action_is_profile PASSED [ 44%]
tests/test_06_date_filter_profile_page.py::TestProfileFilterBarHTML::test_filter_bar_has_from_input PASSED [ 45%]
tests/test_06_date_filter_profile_page.py::TestProfileFilterBarHTML::test_filter_bar_has_to_input PASSED [ 46%]
tests/test_06_date_filter_profile_page.py::TestProfileFilterBarHTML::test_filter_bar_has_apply_button PASSED [ 47%]
tests/test_06_date_filter_profile_page.py::TestProfileFilterBarHTML::test_filter_bar_has_all_four_presets PASSED [ 48%]
tests/test_06_date_filter_profile_page.py::TestProfileFilterBarHTML::test_filter_bar_preset_links_are_anchors PASSED [ 50%]
tests/test_06_date_filter_profile_page.py::TestProfileFilterBarHTML::test_only_one_active_class_on_presets PASSED [ 51%]
tests/test_06_date_filter_profile_page.py::TestGetSummaryStatsWithDateFilter::test_date_filter_returns_only_matching_total PASSED [ 52%]
tests/test_06_date_filter_profile_page.py::TestGetSummaryStatsWithDateFilter::test_date_filter_returns_correct_transaction_count PASSED [ 53%]
tests/test_06_date_filter_profile_page.py::TestGetSummaryStatsWithDateFilter::test_date_filter_returns_correct_top_category PASSED [ 54%]
tests/test_06_date_filter_profile_page.py::TestGetSummaryStatsWithDateFilter::test_no_matching_dates_returns_zero_total PASSED [ 55%]
tests/test_06_date_filter_profile_page.py::TestGetSummaryStatsWithDateFilter::test_no_matching_dates_returns_zero_count PASSED [ 56%]
tests/test_06_date_filter_profile_page.py::TestGetSummaryStatsWithDateFilter::test_no_matching_dates_returns_em_dash_top_category PASSED [ 57%]
tests/test_06_date_filter_profile_page.py::TestGetSummaryStatsWithDateFilter::test_no_date_filter_returns_all_time_totals PASSED [ 59%]
tests/test_06_date_filter_profile_page.py::TestGetSummaryStatsWithDateFilter::test_single_day_filter PASSED [ 60%]
tests/test_06_date_filter_profile_page.py::TestGetSummaryStatsWithDateFilter::test_isolated_user_no_expenses_with_date_filter PASSED [ 61%]
tests/test_06_date_filter_profile_page.py::TestGetSummaryStatsWithDateFilter::test_date_filter_with_expenses_in_and_out_of_range PASSED [ 62%]
tests/test_06_date_filter_profile_page.py::TestGetSummaryStatsWithDateFilter::test_parametrized_date_ranges[2026-05-01-2026-05-01-1-42.5] PASSED [ 63%]
tests/test_06_date_filter_profile_page.py::TestGetSummaryStatsWithDateFilter::test_parametrized_date_ranges[2026-05-15-2026-05-15-1-18.75] PASSED [ 64%]
tests/test_06_date_filter_profile_page.py::TestGetSummaryStatsWithDateFilter::test_parametrized_date_ranges[2026-05-06-2026-05-09-1-25.0] PASSED [ 65%]
tests/test_06_date_filter_profile_page.py::TestGetSummaryStatsWithDateFilter::test_parametrized_date_ranges[2026-05-01-2026-05-15-8-356.24] PASSED [ 67%]
tests/test_06_date_filter_profile_page.py::TestGetSummaryStatsWithDateFilter::test_parametrized_date_ranges[2026-04-01-2026-04-30-0-0.0] PASSED [ 68%]
tests/test_06_date_filter_profile_page.py::TestGetRecentTransactionsWithDateFilter::test_date_filter_returns_only_matching_rows PASSED [ 69%]
tests/test_06_date_filter_profile_page.py::TestGetRecentTransactionsWithDateFilter::test_date_filter_count_is_correct PASSED [ 70%]
tests/test_06_date_filter_profile_page.py::TestGetRecentTransactionsWithDateFilter::test_date_filter_ordered_newest_first PASSED [ 71%]
tests/test_06_date_filter_profile_page.py::TestGetRecentTransactionsWithDateFilter::test_date_filter_excludes_earlier_expenses PASSED [ 72%]
tests/test_06_date_filter_profile_page.py::TestGetRecentTransactionsWithDateFilter::test_date_filter_excludes_later_expenses PASSED [ 73%]
tests/test_06_date_filter_profile_page.py::TestGetRecentTransactionsWithDateFilter::test_no_matching_range_returns_empty_list PASSED [ 75%]
tests/test_06_date_filter_profile_page.py::TestGetRecentTransactionsWithDateFilter::test_no_date_filter_returns_all_rows PASSED [ 76%]
tests/test_06_date_filter_profile_page.py::TestGetRecentTransactionsWithDateFilter::test_date_filter_row_keys_present PASSED [ 77%]
tests/test_06_date_filter_profile_page.py::TestGetRecentTransactionsWithDateFilter::test_date_filter_isolated_user_no_data PASSED [ 78%]
tests/test_06_date_filter_profile_page.py::TestGetRecentTransactionsWithDateFilter::test_date_filter_boundary_dates_inclusive PASSED [ 79%]
tests/test_06_date_filter_profile_page.py::TestGetRecentTransactionsWithDateFilter::test_date_filter_with_limit_respected PASSED [ 80%]
tests/test_06_date_filter_profile_page.py::TestGetRecentTransactionsWithDateFilter::test_parametrized_transaction_counts[2026-05-01-2026-05-02-2] PASSED [ 81%]
tests/test_06_date_filter_profile_page.py::TestGetRecentTransactionsWithDateFilter::test_parametrized_transaction_counts[2026-05-03-2026-05-05-2] PASSED [ 82%]
tests/test_06_date_filter_profile_page.py::TestGetRecentTransactionsWithDateFilter::test_parametrized_transaction_counts[2026-05-10-2026-05-15-3] PASSED [ 84%]
tests/test_06_date_filter_profile_page.py::TestGetRecentTransactionsWithDateFilter::test_parametrized_transaction_counts[2026-05-13-2026-05-14-0] PASSED [ 85%]
tests/test_06_date_filter_profile_page.py::TestGetCategoryBreakdownWithDateFilter::test_date_filter_returns_only_matching_categories PASSED [ 86%]
tests/test_06_date_filter_profile_page.py::TestGetCategoryBreakdownWithDateFilter::test_date_filter_excludes_out_of_range_categories PASSED [ 87%]
tests/test_06_date_filter_profile_page.py::TestGetCategoryBreakdownWithDateFilter::test_date_filter_percents_sum_to_100 PASSED [ 88%]
tests/test_06_date_filter_profile_page.py::TestGetCategoryBreakdownWithDateFilter::test_date_filter_single_category_is_100_percent PASSED [ 89%]
tests/test_06_date_filter_profile_page.py::TestGetCategoryBreakdownWithDateFilter::test_no_matching_range_returns_empty_list PASSED [ 90%]
tests/test_06_date_filter_profile_page.py::TestGetCategoryBreakdownWithDateFilter::test_no_date_filter_returns_all_categories PASSED [ 92%]
tests/test_06_date_filter_profile_page.py::TestGetCategoryBreakdownWithDateFilter::test_date_filter_sorted_by_amount_desc PASSED [ 93%]
tests/test_06_date_filter_profile_page.py::TestGetCategoryBreakdownWithDateFilter::test_date_filter_row_keys_present PASSED [ 94%]
tests/test_06_date_filter_profile_page.py::TestGetCategoryBreakdownWithDateFilter::test_date_filter_isolated_user_no_data PASSED [ 95%]
tests/test_06_date_filter_profile_page.py::TestGetCategoryBreakdownWithDateFilter::test_date_filter_amounts_are_floats PASSED [ 96%]
tests/test_06_date_filter_profile_page.py::TestGetCategoryBreakdownWithDateFilter::test_date_filter_top_category_is_correct PASSED [ 97%]
tests/test_06_date_filter_profile_page.py::TestGetCategoryBreakdownWithDateFilter::test_date_filter_partial_range_for_multi_entry_category PASSED [ 98%]
tests/test_06_date_filter_profile_page.py::TestGetCategoryBreakdownWithDateFilter::test_date_filter_isolated_user_with_own_expenses PASSED [100%]

============================= 88 passed in 2.19s ==============================
